Γû▓ Next.js 16.1.6 (Turbopack)
- Environments: .env

  Creating an optimized production build ...
npx : 
At line:1 char:1
+ npx next build > 
build_output.log 2>&1
+ ~~~~~~~~~~~~~~~~~~~~
~~~~~~~~~~~~~~~~~~
    + CategoryInfo    
          : NotSpeci  
  fied: (:String) [   
 ], RemoteExceptio    
n
    + FullyQualifiedE 
   rrorId : NativeCo  
  mmandError
 
> Build error occurred
Error: Turbopack 
build failed with 2 
errors:
./src/features/admin/a
dmin-checkout-drafts.t
sx:4:1
Module not found: 
Can't resolve 
'@/utils/params'
[0m [90m 2 |[39m 
[36mimport[39m { 
[33mEmptyState[39m 
} [36mfrom[39m [32m
"@/components/ui/empty
-state"[39m[33m;[39
m
 [90m 3 |[39m 
[36mimport[39m { [3
3mPaginationButtons[3
9m } [36mfrom[39m [
32m"@/components/ui/pa
gination-buttons"[39m
[33m;[39m
[31m[1m>[22m[39m[
90m 4 |[39m 
[36mimport[39m { han
dleCheckoutDraftsParam
s } [36mfrom[39m [3
2m"@/utils/params"[39
m[33m;[39m
 [90m   |[39m [31m
[1m^[22m[39m[31m[1
m^[22m[39m[31m[1m^
[22m[39m[31m[1m^[
22m[39m[31m[1m^[22
m[39m[31m[1m^[22m
[39m[31m[1m^[22m[3
9m[31m[1m^[22m[39m
[31m[1m^[22m[39m[
31m[1m^[22m[39m[31
m[1m^[22m[39m[31m
[1m^[22m[39m[31m[1
m^[22m[39m[31m[1m^
[22m[39m[31m[1m^[
22m[39m[31m[1m^[22
m[39m[31m[1m^[22m
[39m[31m[1m^[22m[3
9m[31m[1m^[22m[39m
[31m[1m^[22m[39m[
31m[1m^[22m[39m[31
m[1m^[22m[39m[31m
[1m^[22m[39m[31m[1
m^[22m[39m[31m[1m^
[22m[39m[31m[1m^[
22m[39m[31m[1m^[22
m[39m[31m[1m^[22m
[39m[31m[1m^[22m[3
9m[31m[1m^[22m[39m
[31m[1m^[22m[39m[
31m[1m^[22m[39m[31
m[1m^[22m[39m[31m
[1m^[22m[39m[31m[1
m^[22m[39m[31m[1m^
[22m[39m[31m[1m^[
22m[39m[31m[1m^[22
m[39m[31m[1m^[22m
[39m[31m[1m^[22m[3
9m[31m[1m^[22m[39m
[31m[1m^[22m[39m[
31m[1m^[22m[39m[31
m[1m^[22m[39m[31m
[1m^[22m[39m[31m[1
m^[22m[39m[31m[1m^
[22m[39m[31m[1m^[
22m[39m[31m[1m^[22
m[39m[31m[1m^[22m
[39m[31m[1m^[22m[3
9m[31m[1m^[22m[39m
[31m[1m^[22m[39m[
31m[1m^[22m[39m[31
m[1m^[22m[39m[31m
[1m^[22m[39m[31m[1
m^[22m[39m[31m[1m^
[22m[39m[31m[1m^[
22m[39m[31m[1m^[22
m[39m
 [90m 5 |[39m 
[36mimport[39m { lis
tCheckoutIntents[33m,
[39m 
countCheckoutIntents 
} [36mfrom[39m [32m
"@/services/checkout-i
ntent.service"[39m[3
3m;[39m
 [90m 6 |[39m
 [90m 7 |[39m type 
[33mSearchParams[39m 
[33m=[39m { 
[key[33m:[39m 
string][33m:[39m 
string [33m|[39m 
string[] [33m|[39m 
undefined 
}[33m;[39m[0m

Import map: aliased 
to relative 
'./src/utils/params' 
inside of [project]/


Import trace:
  Server Component:
    ./src/features/adm
in/admin-checkout-draf
ts.tsx
    ./src/app/(admin-d
ashboard)/admin/checko
ut-drafts/page.tsx

https://nextjs.org/doc
s/messages/module-not-
found


./src/features/admin/a
dmin-checkout-drafts.t
sx:5:1
Export 
countCheckoutIntents 
doesn't exist in 
target module
[0m [90m 3 |[39m 
[36mimport[39m { [3
3mPaginationButtons[3
9m } [36mfrom[39m [
32m"@/components/ui/pa
gination-buttons"[39m
[33m;[39m
 [90m 4 |[39m 
[36mimport[39m { han
dleCheckoutDraftsParam
s } [36mfrom[39m [3
2m"@/utils/params"[39
m[33m;[39m
[31m[1m>[22m[39m[
90m 5 |[39m 
[36mimport[39m { lis
tCheckoutIntents[33m,
[39m 
countCheckoutIntents 
} [36mfrom[39m [32m
"@/services/checkout-i
ntent.service"[39m[3
3m;[39m
 [90m   |[39m [31m
[1m^[22m[39m[31m[1
m^[22m[39m[31m[1m^
[22m[39m[31m[1m^[
22m[39m[31m[1m^[22
m[39m[31m[1m^[22m
[39m[31m[1m^[22m[3
9m[31m[1m^[22m[39m
[31m[1m^[22m[39m[
31m[1m^[22m[39m[31
m[1m^[22m[39m[31m
[1m^[22m[39m[31m[1
m^[22m[39m[31m[1m^
[22m[39m[31m[1m^[
22m[39m[31m[1m^[22
m[39m[31m[1m^[22m
[39m[31m[1m^[22m[3
9m[31m[1m^[22m[39m
[31m[1m^[22m[39m[
31m[1m^[22m[39m[31
m[1m^[22m[39m[31m
[1m^[22m[39m[31m[1
m^[22m[39m[31m[1m^
[22m[39m[31m[1m^[
22m[39m[31m[1m^[22
m[39m[31m[1m^[22m
[39m[31m[1m^[22m[3
9m[31m[1m^[22m[39m
[31m[1m^[22m[39m[
31m[1m^[22m[39m[31
m[1m^[22m[39m[31m
[1m^[22m[39m[31m[1
m^[22m[39m[31m[1m^
[22m[39m[31m[1m^[
22m[39m[31m[1m^[22
m[39m[31m[1m^[22m
[39m[31m[1m^[22m[3
9m[31m[1m^[22m[39m
[31m[1m^[22m[39m[
31m[1m^[22m[39m[31
m[1m^[22m[39m[31m
[1m^[22m[39m[31m[1
m^[22m[39m[31m[1m^
[22m[39m[31m[1m^[
22m[39m[31m[1m^[22
m[39m[31m[1m^[22m
[39m[31m[1m^[22m[3
9m[31m[1m^[22m[39m
[31m[1m^[22m[39m[
31m[1m^[22m[39m[31
m[1m^[22m[39m[31m
[1m^[22m[39m[31m[1
m^[22m[39m[31m[1m^
[22m[39m[31m[1m^[
22m[39m[31m[1m^[22
m[39m[31m[1m^[22m
[39m[31m[1m^[22m[3
9m[31m[1m^[22m[39m
[31m[1m^[22m[39m[
31m[1m^[22m[39m[31
m[1m^[22m[39m[31m
[1m^[22m[39m[31m[1
m^[22m[39m[31m[1m^
[22m[39m[31m[1m^[
22m[39m[31m[1m^[22
m[39m[31m[1m^[22m
[39m[31m[1m^[22m[3
9m[31m[1m^[22m[39m
[31m[1m^[22m[39m[
31m[1m^[22m[39m[31
m[1m^[22m[39m[31m
[1m^[22m[39m[31m[1
m^[22m[39m[31m[1m^
[22m[39m[31m[1m^[
22m[39m[31m[1m^[22
m[39m[31m[1m^[22m
[39m[31m[1m^[22m[3
9m[31m[1m^[22m[39m
[31m[1m^[22m[39m[
31m[1m^[22m[39m[31
m[1m^[22m[39m[31m
[1m^[22m[39m[31m[1
m^[22m[39m[31m[1m^
[22m[39m[31m[1m^[
22m[39m[31m[1m^[22
m[39m[31m[1m^[22m
[39m[31m[1m^[22m[3
9m
 [90m 6 |[39m
 [90m 7 |[39m type 
[33mSearchParams[39m 
[33m=[39m { 
[key[33m:[39m 
string][33m:[39m 
string [33m|[39m 
string[] [33m|[39m 
undefined }[33m;[39m
 [90m 8 |[39m[0m

The export 
countCheckoutIntents 
was not found in 
module [project]/src/s
ervices/checkout-inten
t.service.ts 
[app-rsc] 
(ecmascript).
Did you mean to 
import 
listCheckoutIntents?
All exports of the 
module are statically 
known (It doesn't 
have dynamic 
exports). So it's 
known statically that 
the requested export 
doesn't exist.

Import trace:
  Server Component:
    ./src/features/adm
in/admin-checkout-draf
ts.tsx
    ./src/app/(admin-d
ashboard)/admin/checko
ut-drafts/page.tsx


    at <unknown> (./sr
c/features/admin/admin
-checkout-drafts.tsx:4
:1)
    at <unknown> (http
s://nextjs.org/docs/me
ssages/module-not-foun
d)
    at <unknown> (./sr
c/features/admin/admin
-checkout-drafts.tsx:5
:1)
